// Jest Snapshot v1, https://goo.gl/fbAQLP

exports[`Testing Entry Component must match the snapshot 1`] = `
<div class="entry-container mb-3 pointer p-2">
  <!-- title -->
  <div class="entry-title d-flex"><span class="text-success fs-5 fw-bold">Saturday</span><span class="mx-1 fs-5">April</span><span class="mx-2 fw-ligth">2023, Saturday</span></div>
  <div class="entry-description">hello world with image
  </div>
</div>
`;
